..\..\..\..\..\images\Channel3\1018.png	0
..\..\..\..\..\images\Channel3\1028.png	0
..\..\..\..\..\images\Channel3\1029.png	0
..\..\..\..\..\images\Channel3\1040.png	0
..\..\..\..\..\images\Channel3\1046.png	0
..\..\..\..\..\images\Channel3\1049.png	0
..\..\..\..\..\images\Channel3\1076.png	0
..\..\..\..\..\images\Channel3\1078.png	0
..\..\..\..\..\images\Channel3\1090.png	0
..\..\..\..\..\images\Channel3\1093.png	0
..\..\..\..\..\images\Channel3\1102.png	0
..\..\..\..\..\images\Channel3\1107.png	0
..\..\..\..\..\images\Channel3\1128.png	0
..\..\..\..\..\images\Channel3\1137.png	0
..\..\..\..\..\images\Channel3\1152.png	0
..\..\..\..\..\images\Channel3\1168.png	0
..\..\..\..\..\images\Channel3\1179.png	0
..\..\..\..\..\images\Channel3\1195.png	0
..\..\..\..\..\images\Channel3\1209.png	0
..\..\..\..\..\images\Channel3\1268.png	0
..\..\..\..\..\images\Channel3\1304.png	0
..\..\..\..\..\images\Channel3\1310.png	0
..\..\..\..\..\images\Channel3\1346.png	0
..\..\..\..\..\images\Channel3\1349.png	0
..\..\..\..\..\images\Channel3\1359.png	0
..\..\..\..\..\images\Channel3\1363.png	0
..\..\..\..\..\images\Channel3\1367.png	0
..\..\..\..\..\images\Channel3\1368.png	0
..\..\..\..\..\images\Channel3\1371.png	0
..\..\..\..\..\images\Channel3\1.png	0
..\..\..\..\..\images\Channel3\21.png	0
..\..\..\..\..\images\Channel3\34.png	0
..\..\..\..\..\images\Channel3\37.png	0
..\..\..\..\..\images\Channel3\51.png	0
..\..\..\..\..\images\Channel3\56.png	0
..\..\..\..\..\images\Channel3\63.png	0
..\..\..\..\..\images\Channel3\68.png	0
..\..\..\..\..\images\Channel3\69.png	0
..\..\..\..\..\images\Channel3\75.png	0
..\..\..\..\..\images\Channel3\81.png	0
..\..\..\..\..\images\Channel3\88.png	0
..\..\..\..\..\images\Channel3\95.png	0
..\..\..\..\..\images\Channel3\108.png	0
..\..\..\..\..\images\Channel3\114.png	0
..\..\..\..\..\images\Channel3\118.png	0
..\..\..\..\..\images\Channel3\119.png	0
..\..\..\..\..\images\Channel3\121.png	0
..\..\..\..\..\images\Channel3\156.png	0
..\..\..\..\..\images\Channel3\169.png	0
..\..\..\..\..\images\Channel3\192.png	0
..\..\..\..\..\images\Channel3\206.png	0
..\..\..\..\..\images\Channel3\209.png	0
..\..\..\..\..\images\Channel3\210.png	0
..\..\..\..\..\images\Channel3\216.png	0
..\..\..\..\..\images\Channel3\229.png	0
..\..\..\..\..\images\Channel3\232.png	0
..\..\..\..\..\images\Channel3\234.png	0
..\..\..\..\..\images\Channel3\246.png	0
..\..\..\..\..\images\Channel3\249.png	0
..\..\..\..\..\images\Channel3\260.png	0
..\..\..\..\..\images\Channel3\283.png	0
..\..\..\..\..\images\Channel3\293.png	0
..\..\..\..\..\images\Channel3\296.png	0
..\..\..\..\..\images\Channel3\303.png	0
..\..\..\..\..\images\Channel3\320.png	0
..\..\..\..\..\images\Channel3\326.png	0
..\..\..\..\..\images\Channel3\359.png	0
..\..\..\..\..\images\Channel3\399.png	0
..\..\..\..\..\images\Channel3\427.png	0
..\..\..\..\..\images\Channel3\429.png	0
..\..\..\..\..\images\Channel3\435.png	0
..\..\..\..\..\images\Channel3\440.png	0
..\..\..\..\..\images\Channel3\451.png	0
..\..\..\..\..\images\Channel3\453.png	0
..\..\..\..\..\images\Channel3\458.png	0
..\..\..\..\..\images\Channel3\462.png	0
..\..\..\..\..\images\Channel3\464.png	0
..\..\..\..\..\images\Channel3\473.png	0
..\..\..\..\..\images\Channel3\489.png	0
..\..\..\..\..\images\Channel3\519.png	0
..\..\..\..\..\images\Channel3\524.png	0
..\..\..\..\..\images\Channel3\526.png	0
..\..\..\..\..\images\Channel3\527.png	0
..\..\..\..\..\images\Channel3\542.png	0
..\..\..\..\..\images\Channel3\577.png	0
..\..\..\..\..\images\Channel3\582.png	0
..\..\..\..\..\images\Channel3\596.png	0
..\..\..\..\..\images\Channel3\603.png	0
..\..\..\..\..\images\Channel3\612.png	0
..\..\..\..\..\images\Channel3\633.png	0
..\..\..\..\..\images\Channel3\639.png	0
..\..\..\..\..\images\Channel3\656.png	0
..\..\..\..\..\images\Channel3\662.png	0
..\..\..\..\..\images\Channel3\666.png	0
..\..\..\..\..\images\Channel3\667.png	0
..\..\..\..\..\images\Channel3\668.png	0
..\..\..\..\..\images\Channel3\669.png	0
..\..\..\..\..\images\Channel3\689.png	0
..\..\..\..\..\images\Channel3\702.png	0
..\..\..\..\..\images\Channel3\709.png	0
..\..\..\..\..\images\Channel3\712.png	0
..\..\..\..\..\images\Channel3\733.png	0
..\..\..\..\..\images\Channel3\743.png	0
..\..\..\..\..\images\Channel3\745.png	0
..\..\..\..\..\images\Channel3\776.png	0
..\..\..\..\..\images\Channel3\781.png	0
..\..\..\..\..\images\Channel3\787.png	0
..\..\..\..\..\images\Channel3\790.png	0
..\..\..\..\..\images\Channel3\818.png	0
..\..\..\..\..\images\Channel3\825.png	0
..\..\..\..\..\images\Channel3\849.png	0
..\..\..\..\..\images\Channel3\859.png	0
..\..\..\..\..\images\Channel3\860.png	0
..\..\..\..\..\images\Channel3\869.png	0
..\..\..\..\..\images\Channel3\872.png	0
..\..\..\..\..\images\Channel3\889.png	0
..\..\..\..\..\images\Channel3\903.png	0
..\..\..\..\..\images\Channel3\927.png	0
..\..\..\..\..\images\Channel3\943.png	0
..\..\..\..\..\images\Channel3\949.png	0
..\..\..\..\..\images\Channel3\952.png	0
..\..\..\..\..\images\Channel3\957.png	0
..\..\..\..\..\images\Channel3\965.png	0
..\..\..\..\..\images\Channel3\979.png	0
..\..\..\..\..\images\Channel3\984.png	0
..\..\..\..\..\images\Channel3\997.png	0
..\..\..\..\..\images\Channel3\1000.png	0
..\..\..\..\..\images\Channel3\1015.png	0
