K:\Git\CntkSerializerIssue\images\Channel2\1018.png	0
K:\Git\CntkSerializerIssue\images\Channel2\1028.png	0
K:\Git\CntkSerializerIssue\images\Channel2\1029.png	0
K:\Git\CntkSerializerIssue\images\Channel2\1040.png	0
K:\Git\CntkSerializerIssue\images\Channel2\1046.png	0
K:\Git\CntkSerializerIssue\images\Channel2\1049.png	0
K:\Git\CntkSerializerIssue\images\Channel2\1076.png	0
K:\Git\CntkSerializerIssue\images\Channel2\1078.png	0
K:\Git\CntkSerializerIssue\images\Channel2\1090.png	0
K:\Git\CntkSerializerIssue\images\Channel2\1093.png	0
K:\Git\CntkSerializerIssue\images\Channel2\1102.png	0
K:\Git\CntkSerializerIssue\images\Channel2\1107.png	0
K:\Git\CntkSerializerIssue\images\Channel2\1128.png	0
K:\Git\CntkSerializerIssue\images\Channel2\1137.png	0
K:\Git\CntkSerializerIssue\images\Channel2\1152.png	0
K:\Git\CntkSerializerIssue\images\Channel2\1168.png	0
K:\Git\CntkSerializerIssue\images\Channel2\1179.png	0
K:\Git\CntkSerializerIssue\images\Channel2\1195.png	0
K:\Git\CntkSerializerIssue\images\Channel2\1209.png	0
K:\Git\CntkSerializerIssue\images\Channel2\1268.png	0
K:\Git\CntkSerializerIssue\images\Channel2\1304.png	0
K:\Git\CntkSerializerIssue\images\Channel2\1310.png	0
K:\Git\CntkSerializerIssue\images\Channel2\1346.png	0
K:\Git\CntkSerializerIssue\images\Channel2\1349.png	0
K:\Git\CntkSerializerIssue\images\Channel2\1359.png	0
K:\Git\CntkSerializerIssue\images\Channel2\1363.png	0
K:\Git\CntkSerializerIssue\images\Channel2\1367.png	0
K:\Git\CntkSerializerIssue\images\Channel2\1368.png	0
K:\Git\CntkSerializerIssue\images\Channel2\1371.png	0
K:\Git\CntkSerializerIssue\images\Channel2\1.png	0
K:\Git\CntkSerializerIssue\images\Channel2\21.png	0
K:\Git\CntkSerializerIssue\images\Channel2\34.png	0
K:\Git\CntkSerializerIssue\images\Channel2\37.png	0
K:\Git\CntkSerializerIssue\images\Channel2\51.png	0
K:\Git\CntkSerializerIssue\images\Channel2\56.png	0
K:\Git\CntkSerializerIssue\images\Channel2\63.png	0
K:\Git\CntkSerializerIssue\images\Channel2\68.png	0
K:\Git\CntkSerializerIssue\images\Channel2\69.png	0
K:\Git\CntkSerializerIssue\images\Channel2\75.png	0
K:\Git\CntkSerializerIssue\images\Channel2\81.png	0
K:\Git\CntkSerializerIssue\images\Channel2\88.png	0
K:\Git\CntkSerializerIssue\images\Channel2\95.png	0
K:\Git\CntkSerializerIssue\images\Channel2\108.png	0
K:\Git\CntkSerializerIssue\images\Channel2\114.png	0
K:\Git\CntkSerializerIssue\images\Channel2\118.png	0
K:\Git\CntkSerializerIssue\images\Channel2\119.png	0
K:\Git\CntkSerializerIssue\images\Channel2\121.png	0
K:\Git\CntkSerializerIssue\images\Channel2\156.png	0
K:\Git\CntkSerializerIssue\images\Channel2\169.png	0
K:\Git\CntkSerializerIssue\images\Channel2\192.png	0
K:\Git\CntkSerializerIssue\images\Channel2\206.png	0
K:\Git\CntkSerializerIssue\images\Channel2\209.png	0
K:\Git\CntkSerializerIssue\images\Channel2\210.png	0
K:\Git\CntkSerializerIssue\images\Channel2\216.png	0
K:\Git\CntkSerializerIssue\images\Channel2\229.png	0
K:\Git\CntkSerializerIssue\images\Channel2\232.png	0
K:\Git\CntkSerializerIssue\images\Channel2\234.png	0
K:\Git\CntkSerializerIssue\images\Channel2\246.png	0
K:\Git\CntkSerializerIssue\images\Channel2\249.png	0
K:\Git\CntkSerializerIssue\images\Channel2\260.png	0
K:\Git\CntkSerializerIssue\images\Channel2\283.png	0
K:\Git\CntkSerializerIssue\images\Channel2\293.png	0
K:\Git\CntkSerializerIssue\images\Channel2\296.png	0
K:\Git\CntkSerializerIssue\images\Channel2\303.png	0
K:\Git\CntkSerializerIssue\images\Channel2\320.png	0
K:\Git\CntkSerializerIssue\images\Channel2\326.png	0
K:\Git\CntkSerializerIssue\images\Channel2\359.png	0
K:\Git\CntkSerializerIssue\images\Channel2\399.png	0
K:\Git\CntkSerializerIssue\images\Channel2\427.png	0
K:\Git\CntkSerializerIssue\images\Channel2\429.png	0
K:\Git\CntkSerializerIssue\images\Channel2\435.png	0
K:\Git\CntkSerializerIssue\images\Channel2\440.png	0
K:\Git\CntkSerializerIssue\images\Channel2\451.png	0
K:\Git\CntkSerializerIssue\images\Channel2\453.png	0
K:\Git\CntkSerializerIssue\images\Channel2\458.png	0
K:\Git\CntkSerializerIssue\images\Channel2\462.png	0
K:\Git\CntkSerializerIssue\images\Channel2\464.png	0
K:\Git\CntkSerializerIssue\images\Channel2\473.png	0
K:\Git\CntkSerializerIssue\images\Channel2\489.png	0
K:\Git\CntkSerializerIssue\images\Channel2\519.png	0
K:\Git\CntkSerializerIssue\images\Channel2\524.png	0
K:\Git\CntkSerializerIssue\images\Channel2\526.png	0
K:\Git\CntkSerializerIssue\images\Channel2\527.png	0
K:\Git\CntkSerializerIssue\images\Channel2\542.png	0
K:\Git\CntkSerializerIssue\images\Channel2\577.png	0
K:\Git\CntkSerializerIssue\images\Channel2\582.png	0
K:\Git\CntkSerializerIssue\images\Channel2\596.png	0
K:\Git\CntkSerializerIssue\images\Channel2\603.png	0
K:\Git\CntkSerializerIssue\images\Channel2\612.png	0
K:\Git\CntkSerializerIssue\images\Channel2\633.png	0
K:\Git\CntkSerializerIssue\images\Channel2\639.png	0
K:\Git\CntkSerializerIssue\images\Channel2\656.png	0
K:\Git\CntkSerializerIssue\images\Channel2\662.png	0
K:\Git\CntkSerializerIssue\images\Channel2\666.png	0
K:\Git\CntkSerializerIssue\images\Channel2\667.png	0
K:\Git\CntkSerializerIssue\images\Channel2\668.png	0
K:\Git\CntkSerializerIssue\images\Channel2\669.png	0
K:\Git\CntkSerializerIssue\images\Channel2\689.png	0
K:\Git\CntkSerializerIssue\images\Channel2\702.png	0
K:\Git\CntkSerializerIssue\images\Channel2\709.png	0
K:\Git\CntkSerializerIssue\images\Channel2\712.png	0
K:\Git\CntkSerializerIssue\images\Channel2\733.png	0
K:\Git\CntkSerializerIssue\images\Channel2\743.png	0
K:\Git\CntkSerializerIssue\images\Channel2\745.png	0
K:\Git\CntkSerializerIssue\images\Channel2\776.png	0
K:\Git\CntkSerializerIssue\images\Channel2\781.png	0
K:\Git\CntkSerializerIssue\images\Channel2\787.png	0
K:\Git\CntkSerializerIssue\images\Channel2\790.png	0
K:\Git\CntkSerializerIssue\images\Channel2\818.png	0
K:\Git\CntkSerializerIssue\images\Channel2\825.png	0
K:\Git\CntkSerializerIssue\images\Channel2\849.png	0
K:\Git\CntkSerializerIssue\images\Channel2\859.png	0
K:\Git\CntkSerializerIssue\images\Channel2\860.png	0
K:\Git\CntkSerializerIssue\images\Channel2\869.png	0
K:\Git\CntkSerializerIssue\images\Channel2\872.png	0
K:\Git\CntkSerializerIssue\images\Channel2\889.png	0
K:\Git\CntkSerializerIssue\images\Channel2\903.png	0
K:\Git\CntkSerializerIssue\images\Channel2\927.png	0
K:\Git\CntkSerializerIssue\images\Channel2\943.png	0
K:\Git\CntkSerializerIssue\images\Channel2\949.png	0
K:\Git\CntkSerializerIssue\images\Channel2\952.png	0
K:\Git\CntkSerializerIssue\images\Channel2\957.png	0
K:\Git\CntkSerializerIssue\images\Channel2\965.png	0
K:\Git\CntkSerializerIssue\images\Channel2\979.png	0
K:\Git\CntkSerializerIssue\images\Channel2\984.png	0
K:\Git\CntkSerializerIssue\images\Channel2\997.png	0
K:\Git\CntkSerializerIssue\images\Channel2\1000.png	0
K:\Git\CntkSerializerIssue\images\Channel2\1015.png	0
