..\..\..\..\..\images\Channel4\1018.png	0
..\..\..\..\..\images\Channel4\1028.png	0
..\..\..\..\..\images\Channel4\1029.png	0
..\..\..\..\..\images\Channel4\1040.png	0
..\..\..\..\..\images\Channel4\1046.png	0
..\..\..\..\..\images\Channel4\1049.png	0
..\..\..\..\..\images\Channel4\1076.png	0
..\..\..\..\..\images\Channel4\1078.png	0
..\..\..\..\..\images\Channel4\1090.png	0
..\..\..\..\..\images\Channel4\1093.png	0
..\..\..\..\..\images\Channel4\1102.png	0
..\..\..\..\..\images\Channel4\1107.png	0
..\..\..\..\..\images\Channel4\1128.png	0
..\..\..\..\..\images\Channel4\1137.png	0
..\..\..\..\..\images\Channel4\1152.png	0
..\..\..\..\..\images\Channel4\1168.png	0
..\..\..\..\..\images\Channel4\1179.png	0
..\..\..\..\..\images\Channel4\1195.png	0
..\..\..\..\..\images\Channel4\1209.png	0
..\..\..\..\..\images\Channel4\1268.png	0
..\..\..\..\..\images\Channel4\1304.png	0
..\..\..\..\..\images\Channel4\1310.png	0
..\..\..\..\..\images\Channel4\1346.png	0
..\..\..\..\..\images\Channel4\1349.png	0
..\..\..\..\..\images\Channel4\1359.png	0
..\..\..\..\..\images\Channel4\1363.png	0
..\..\..\..\..\images\Channel4\1367.png	0
..\..\..\..\..\images\Channel4\1368.png	0
..\..\..\..\..\images\Channel4\1371.png	0
..\..\..\..\..\images\Channel4\1.png	0
..\..\..\..\..\images\Channel4\21.png	0
..\..\..\..\..\images\Channel4\34.png	0
..\..\..\..\..\images\Channel4\37.png	0
..\..\..\..\..\images\Channel4\51.png	0
..\..\..\..\..\images\Channel4\56.png	0
..\..\..\..\..\images\Channel4\63.png	0
..\..\..\..\..\images\Channel4\68.png	0
..\..\..\..\..\images\Channel4\69.png	0
..\..\..\..\..\images\Channel4\75.png	0
..\..\..\..\..\images\Channel4\81.png	0
..\..\..\..\..\images\Channel4\88.png	0
..\..\..\..\..\images\Channel4\95.png	0
..\..\..\..\..\images\Channel4\108.png	0
..\..\..\..\..\images\Channel4\114.png	0
..\..\..\..\..\images\Channel4\118.png	0
..\..\..\..\..\images\Channel4\119.png	0
..\..\..\..\..\images\Channel4\121.png	0
..\..\..\..\..\images\Channel4\156.png	0
..\..\..\..\..\images\Channel4\169.png	0
..\..\..\..\..\images\Channel4\192.png	0
..\..\..\..\..\images\Channel4\206.png	0
..\..\..\..\..\images\Channel4\209.png	0
..\..\..\..\..\images\Channel4\210.png	0
..\..\..\..\..\images\Channel4\216.png	0
..\..\..\..\..\images\Channel4\229.png	0
..\..\..\..\..\images\Channel4\232.png	0
..\..\..\..\..\images\Channel4\234.png	0
..\..\..\..\..\images\Channel4\246.png	0
..\..\..\..\..\images\Channel4\249.png	0
..\..\..\..\..\images\Channel4\260.png	0
..\..\..\..\..\images\Channel4\283.png	0
..\..\..\..\..\images\Channel4\293.png	0
..\..\..\..\..\images\Channel4\296.png	0
..\..\..\..\..\images\Channel4\303.png	0
..\..\..\..\..\images\Channel4\320.png	0
..\..\..\..\..\images\Channel4\326.png	0
..\..\..\..\..\images\Channel4\359.png	0
..\..\..\..\..\images\Channel4\399.png	0
..\..\..\..\..\images\Channel4\427.png	0
..\..\..\..\..\images\Channel4\429.png	0
..\..\..\..\..\images\Channel4\435.png	0
..\..\..\..\..\images\Channel4\440.png	0
..\..\..\..\..\images\Channel4\451.png	0
..\..\..\..\..\images\Channel4\453.png	0
..\..\..\..\..\images\Channel4\458.png	0
..\..\..\..\..\images\Channel4\462.png	0
..\..\..\..\..\images\Channel4\464.png	0
..\..\..\..\..\images\Channel4\473.png	0
..\..\..\..\..\images\Channel4\489.png	0
..\..\..\..\..\images\Channel4\519.png	0
..\..\..\..\..\images\Channel4\524.png	0
..\..\..\..\..\images\Channel4\526.png	0
..\..\..\..\..\images\Channel4\527.png	0
..\..\..\..\..\images\Channel4\542.png	0
..\..\..\..\..\images\Channel4\577.png	0
..\..\..\..\..\images\Channel4\582.png	0
..\..\..\..\..\images\Channel4\596.png	0
..\..\..\..\..\images\Channel4\603.png	0
..\..\..\..\..\images\Channel4\612.png	0
..\..\..\..\..\images\Channel4\633.png	0
..\..\..\..\..\images\Channel4\639.png	0
..\..\..\..\..\images\Channel4\656.png	0
..\..\..\..\..\images\Channel4\662.png	0
..\..\..\..\..\images\Channel4\666.png	0
..\..\..\..\..\images\Channel4\667.png	0
..\..\..\..\..\images\Channel4\668.png	0
..\..\..\..\..\images\Channel4\669.png	0
..\..\..\..\..\images\Channel4\689.png	0
..\..\..\..\..\images\Channel4\702.png	0
..\..\..\..\..\images\Channel4\709.png	0
..\..\..\..\..\images\Channel4\712.png	0
..\..\..\..\..\images\Channel4\733.png	0
..\..\..\..\..\images\Channel4\743.png	0
..\..\..\..\..\images\Channel4\745.png	0
..\..\..\..\..\images\Channel4\776.png	0
..\..\..\..\..\images\Channel4\781.png	0
..\..\..\..\..\images\Channel4\787.png	0
..\..\..\..\..\images\Channel4\790.png	0
..\..\..\..\..\images\Channel4\818.png	0
..\..\..\..\..\images\Channel4\825.png	0
..\..\..\..\..\images\Channel4\849.png	0
..\..\..\..\..\images\Channel4\859.png	0
..\..\..\..\..\images\Channel4\860.png	0
..\..\..\..\..\images\Channel4\869.png	0
..\..\..\..\..\images\Channel4\872.png	0
..\..\..\..\..\images\Channel4\889.png	0
..\..\..\..\..\images\Channel4\903.png	0
..\..\..\..\..\images\Channel4\927.png	0
..\..\..\..\..\images\Channel4\943.png	0
..\..\..\..\..\images\Channel4\949.png	0
..\..\..\..\..\images\Channel4\952.png	0
..\..\..\..\..\images\Channel4\957.png	0
..\..\..\..\..\images\Channel4\965.png	0
..\..\..\..\..\images\Channel4\979.png	0
..\..\..\..\..\images\Channel4\984.png	0
..\..\..\..\..\images\Channel4\997.png	0
..\..\..\..\..\images\Channel4\1000.png	0
..\..\..\..\..\images\Channel4\1015.png	0
