..\..\..\..\..\images\Channel1\1018.png	0
..\..\..\..\..\images\Channel1\1028.png	0
..\..\..\..\..\images\Channel1\1029.png	0
..\..\..\..\..\images\Channel1\1040.png	0
..\..\..\..\..\images\Channel1\1046.png	0
..\..\..\..\..\images\Channel1\1049.png	0
..\..\..\..\..\images\Channel1\1076.png	0
..\..\..\..\..\images\Channel1\1078.png	0
..\..\..\..\..\images\Channel1\1090.png	0
..\..\..\..\..\images\Channel1\1093.png	0
..\..\..\..\..\images\Channel1\1102.png	0
..\..\..\..\..\images\Channel1\1107.png	0
..\..\..\..\..\images\Channel1\1128.png	0
..\..\..\..\..\images\Channel1\1137.png	0
..\..\..\..\..\images\Channel1\1152.png	0
..\..\..\..\..\images\Channel1\1168.png	0
..\..\..\..\..\images\Channel1\1179.png	0
..\..\..\..\..\images\Channel1\1195.png	0
..\..\..\..\..\images\Channel1\1209.png	0
..\..\..\..\..\images\Channel1\1268.png	0
..\..\..\..\..\images\Channel1\1304.png	0
..\..\..\..\..\images\Channel1\1310.png	0
..\..\..\..\..\images\Channel1\1346.png	0
..\..\..\..\..\images\Channel1\1349.png	0
..\..\..\..\..\images\Channel1\1359.png	0
..\..\..\..\..\images\Channel1\1363.png	0
..\..\..\..\..\images\Channel1\1367.png	0
..\..\..\..\..\images\Channel1\1368.png	0
..\..\..\..\..\images\Channel1\1371.png	0
..\..\..\..\..\images\Channel1\1.png	0
..\..\..\..\..\images\Channel1\21.png	0
..\..\..\..\..\images\Channel1\34.png	0
..\..\..\..\..\images\Channel1\37.png	0
..\..\..\..\..\images\Channel1\51.png	0
..\..\..\..\..\images\Channel1\56.png	0
..\..\..\..\..\images\Channel1\63.png	0
..\..\..\..\..\images\Channel1\68.png	0
..\..\..\..\..\images\Channel1\69.png	0
..\..\..\..\..\images\Channel1\75.png	0
..\..\..\..\..\images\Channel1\81.png	0
..\..\..\..\..\images\Channel1\88.png	0
..\..\..\..\..\images\Channel1\95.png	0
..\..\..\..\..\images\Channel1\108.png	0
..\..\..\..\..\images\Channel1\114.png	0
..\..\..\..\..\images\Channel1\118.png	0
..\..\..\..\..\images\Channel1\119.png	0
..\..\..\..\..\images\Channel1\121.png	0
..\..\..\..\..\images\Channel1\156.png	0
..\..\..\..\..\images\Channel1\169.png	0
..\..\..\..\..\images\Channel1\192.png	0
..\..\..\..\..\images\Channel1\206.png	0
..\..\..\..\..\images\Channel1\209.png	0
..\..\..\..\..\images\Channel1\210.png	0
..\..\..\..\..\images\Channel1\216.png	0
..\..\..\..\..\images\Channel1\229.png	0
..\..\..\..\..\images\Channel1\232.png	0
..\..\..\..\..\images\Channel1\234.png	0
..\..\..\..\..\images\Channel1\246.png	0
..\..\..\..\..\images\Channel1\249.png	0
..\..\..\..\..\images\Channel1\260.png	0
..\..\..\..\..\images\Channel1\283.png	0
..\..\..\..\..\images\Channel1\293.png	0
..\..\..\..\..\images\Channel1\296.png	0
..\..\..\..\..\images\Channel1\303.png	0
..\..\..\..\..\images\Channel1\320.png	0
..\..\..\..\..\images\Channel1\326.png	0
..\..\..\..\..\images\Channel1\359.png	0
..\..\..\..\..\images\Channel1\399.png	0
..\..\..\..\..\images\Channel1\427.png	0
..\..\..\..\..\images\Channel1\429.png	0
..\..\..\..\..\images\Channel1\435.png	0
..\..\..\..\..\images\Channel1\440.png	0
..\..\..\..\..\images\Channel1\451.png	0
..\..\..\..\..\images\Channel1\453.png	0
..\..\..\..\..\images\Channel1\458.png	0
..\..\..\..\..\images\Channel1\462.png	0
..\..\..\..\..\images\Channel1\464.png	0
..\..\..\..\..\images\Channel1\473.png	0
..\..\..\..\..\images\Channel1\489.png	0
..\..\..\..\..\images\Channel1\519.png	0
..\..\..\..\..\images\Channel1\524.png	0
..\..\..\..\..\images\Channel1\526.png	0
..\..\..\..\..\images\Channel1\527.png	0
..\..\..\..\..\images\Channel1\542.png	0
..\..\..\..\..\images\Channel1\577.png	0
..\..\..\..\..\images\Channel1\582.png	0
..\..\..\..\..\images\Channel1\596.png	0
..\..\..\..\..\images\Channel1\603.png	0
..\..\..\..\..\images\Channel1\612.png	0
..\..\..\..\..\images\Channel1\633.png	0
..\..\..\..\..\images\Channel1\639.png	0
..\..\..\..\..\images\Channel1\656.png	0
..\..\..\..\..\images\Channel1\662.png	0
..\..\..\..\..\images\Channel1\666.png	0
..\..\..\..\..\images\Channel1\667.png	0
..\..\..\..\..\images\Channel1\668.png	0
..\..\..\..\..\images\Channel1\669.png	0
..\..\..\..\..\images\Channel1\689.png	0
..\..\..\..\..\images\Channel1\702.png	0
..\..\..\..\..\images\Channel1\709.png	0
..\..\..\..\..\images\Channel1\712.png	0
..\..\..\..\..\images\Channel1\733.png	0
..\..\..\..\..\images\Channel1\743.png	0
..\..\..\..\..\images\Channel1\745.png	0
..\..\..\..\..\images\Channel1\776.png	0
..\..\..\..\..\images\Channel1\781.png	0
..\..\..\..\..\images\Channel1\787.png	0
..\..\..\..\..\images\Channel1\790.png	0
..\..\..\..\..\images\Channel1\818.png	0
..\..\..\..\..\images\Channel1\825.png	0
..\..\..\..\..\images\Channel1\849.png	0
..\..\..\..\..\images\Channel1\859.png	0
..\..\..\..\..\images\Channel1\860.png	0
..\..\..\..\..\images\Channel1\869.png	0
..\..\..\..\..\images\Channel1\872.png	0
..\..\..\..\..\images\Channel1\889.png	0
..\..\..\..\..\images\Channel1\903.png	0
..\..\..\..\..\images\Channel1\927.png	0
..\..\..\..\..\images\Channel1\943.png	0
..\..\..\..\..\images\Channel1\949.png	0
..\..\..\..\..\images\Channel1\952.png	0
..\..\..\..\..\images\Channel1\957.png	0
..\..\..\..\..\images\Channel1\965.png	0
..\..\..\..\..\images\Channel1\979.png	0
..\..\..\..\..\images\Channel1\984.png	0
..\..\..\..\..\images\Channel1\997.png	0
..\..\..\..\..\images\Channel1\1000.png	0
..\..\..\..\..\images\Channel1\1015.png	0
